../Core/Inc/lcd.h:32:20:delay_us_lcd	3
../Core/Inc/lcd.h:41:20:clock_lcd	1
../Core/Inc/lcd.h:49:20:yuklelcd	5
../Core/Inc/lcd.h:69:20:sendCmdLcd	1
../Core/Inc/lcd.h:79:20:sendDataLcd	1
../Core/Inc/lcd.h:89:20:writeStr	6
../Core/Inc/lcd.h:102:20:clearLcd	1
../Core/Inc/lcd.h:108:20:lcdInit	1
../Core/Inc/lcd.h:123:20:displayFloat	8
../Core/Inc/ds1307.h:22:20:i2cStart	1
../Core/Inc/ds1307.h:33:20:i2cStop	1
../Core/Inc/ds1307.h:44:23:i2cwrite	3
../Core/Inc/ds1307.h:69:23:i2cread	4
../Core/Inc/ds1307.h:91:23:decimaltobcd	1
../Core/Inc/ds1307.h:95:23:bcdtodecimal	1
../Core/Inc/ds1307.h:99:20:SetDateTime_ds1307	1
../Core/Inc/ds1307.h:122:20:GetDateTime_ds1307	1
../Core/Src/main.c:69:6:delay_us	3
../Core/Src/main.c:74:6:Error_Handler	1
../Core/Src/main.c:81:6:HAL_GPIO_EXTI_Callback	14
../Core/Src/main.c:115:6:Update_Menu_Display	4
../Core/Src/main.c:133:6:Execute_Applications	15
../Core/Src/main.c:219:6:Read_Sensors	3
../Core/Src/main.c:244:5:main	23
../Core/Src/main.c:355:6:SystemClock_Config	1
../Core/Src/main.c:384:6:MX_ADC1_Init	1
../Core/Src/main.c:401:6:MX_I2C1_Init	1
../Core/Src/main.c:415:6:MX_RTC_Init	1
../Core/Src/main.c:427:6:MX_TIM2_Init	1
../Core/Src/main.c:446:6:MX_USART2_UART_Init	1
../Core/Src/main.c:459:6:MX_GPIO_Init	1
